// Jest Snapshot v1, https://goo.gl/fbAQLP

exports[`Circle circle is empty 1`] = `
<div
  className="content "
>
  <div
    className="text text_type_input text_color_input mb-4 absolute head element"
  />
  <div
    className="circle   default"
  >
    <p
      className="text text_type_circle text_color_input letter"
    />
  </div>
  <p
    className="text text_type_input text_color_input mt-4 absolute index"
  />
  <div
    className="text text_type_input text_color_input mt-4 absolute tail30 element"
  />
</div>
`;

exports[`Circle circle with React.Element in head 1`] = `
<div
  className="content "
>
  <div
    className="text text_type_input text_color_input mb-4 absolute head element"
  >
    <div
      className="content "
    >
      <div
        className="text text_type_input text_color_input mb-4 absolute head element"
      />
      <div
        className="circle   default"
      >
        <p
          className="text text_type_circle text_color_input letter"
        />
      </div>
      <p
        className="text text_type_input text_color_input mt-4 absolute index"
      />
      <div
        className="text text_type_input text_color_input mt-4 absolute tail30 element"
      />
    </div>
  </div>
  <div
    className="circle   default"
  >
    <p
      className="text text_type_circle text_color_input letter"
    />
  </div>
  <p
    className="text text_type_input text_color_input mt-4 absolute index"
  />
  <div
    className="text text_type_input text_color_input mt-4 absolute tail30 element"
  />
</div>
`;

exports[`Circle circle with React.Element in tail 1`] = `
<div
  className="content "
>
  <div
    className="text text_type_input text_color_input mb-4 absolute head element"
  />
  <div
    className="circle   default"
  >
    <p
      className="text text_type_circle text_color_input letter"
    />
  </div>
  <p
    className="text text_type_input text_color_input mt-4 absolute index"
  />
  <div
    className="text text_type_input text_color_input mt-4 absolute tail30 element"
  >
    <div
      className="content "
    >
      <div
        className="text text_type_input text_color_input mb-4 absolute head element"
      />
      <div
        className="circle   default"
      >
        <p
          className="text text_type_circle text_color_input letter"
        />
      </div>
      <p
        className="text text_type_input text_color_input mt-4 absolute index"
      />
      <div
        className="text text_type_input text_color_input mt-4 absolute tail30 element"
      />
    </div>
  </div>
</div>
`;

exports[`Circle circle with changingState 1`] = `
<div
  className="content "
>
  <div
    className="text text_type_input text_color_input mb-4 absolute head element"
  />
  <div
    className="circle   changing"
  >
    <p
      className="text text_type_circle text_color_input letter"
    />
  </div>
  <p
    className="text text_type_input text_color_input mt-4 absolute index"
  />
  <div
    className="text text_type_input text_color_input mt-4 absolute tail30 element"
  />
</div>
`;

exports[`Circle circle with defaultState 1`] = `
<div
  className="content "
>
  <div
    className="text text_type_input text_color_input mb-4 absolute head element"
  />
  <div
    className="circle   default"
  >
    <p
      className="text text_type_circle text_color_input letter"
    />
  </div>
  <p
    className="text text_type_input text_color_input mt-4 absolute index"
  />
  <div
    className="text text_type_input text_color_input mt-4 absolute tail30 element"
  />
</div>
`;

exports[`Circle circle with head 1`] = `
<div
  className="content "
>
  <div
    className="text text_type_input text_color_input mb-4 absolute head string"
  >
    head
  </div>
  <div
    className="circle   default"
  >
    <p
      className="text text_type_circle text_color_input letter"
    />
  </div>
  <p
    className="text text_type_input text_color_input mt-4 absolute index"
  />
  <div
    className="text text_type_input text_color_input mt-4 absolute tail30 element"
  />
</div>
`;

exports[`Circle circle with index 1`] = `
<div
  className="content "
>
  <div
    className="text text_type_input text_color_input mb-4 absolute head element"
  />
  <div
    className="circle   default"
  >
    <p
      className="text text_type_circle text_color_input letter"
    />
  </div>
  <p
    className="text text_type_input text_color_input mt-4 absolute index"
  >
    0
  </p>
  <div
    className="text text_type_input text_color_input mt-4 absolute tail60 element"
  />
</div>
`;

exports[`Circle circle with isSmall 1`] = `
<div
  className="content "
>
  <div
    className="text text_type_input text_color_input mb-4 absolute head element"
  />
  <div
    className="circle  small default"
  >
    <p
      className="text text_type_circle text_color_input letter"
    />
  </div>
  <p
    className="text text_type_input text_color_input mt-4 absolute index"
  />
  <div
    className="text text_type_input text_color_input mt-4 absolute tail30 element"
  />
</div>
`;

exports[`Circle circle with letter 1`] = `
<div
  className="content "
>
  <div
    className="text text_type_input text_color_input mb-4 absolute head element"
  />
  <div
    className="circle   default"
  >
    <p
      className="text text_type_circle text_color_input letter"
    >
      letter
    </p>
  </div>
  <p
    className="text text_type_input text_color_input mt-4 absolute index"
  />
  <div
    className="text text_type_input text_color_input mt-4 absolute tail30 element"
  />
</div>
`;

exports[`Circle circle with modifiedState 1`] = `
<div
  className="content "
>
  <div
    className="text text_type_input text_color_input mb-4 absolute head element"
  />
  <div
    className="circle   modified"
  >
    <p
      className="text text_type_circle text_color_input letter"
    />
  </div>
  <p
    className="text text_type_input text_color_input mt-4 absolute index"
  />
  <div
    className="text text_type_input text_color_input mt-4 absolute tail30 element"
  />
</div>
`;

exports[`Circle circle with tail 1`] = `
<div
  className="content "
>
  <div
    className="text text_type_input text_color_input mb-4 absolute head element"
  />
  <div
    className="circle   default"
  >
    <p
      className="text text_type_circle text_color_input letter"
    />
  </div>
  <p
    className="text text_type_input text_color_input mt-4 absolute index"
  />
  <div
    className="text text_type_input text_color_input mt-4 absolute tail30 string"
  >
    tail
  </div>
</div>
`;
